main.c:83:5:main	16	static
main.c:149:6:SystemClock_Config	88	static
main.c:194:13:MX_ADC1_Init	48	static
main.c:256:13:MX_SPI3_Init	8	static
main.c:294:13:MX_TIM3_Init	32	static
main.c:339:13:MX_TIM11_Init	8	static
main.c:370:13:MX_USART2_UART_Init	8	static
main.c:401:13:MX_DMA_Init	16	static
main.c:419:13:MX_GPIO_Init	48	static
main.c:471:6:MCP4922SetOutput	24	static
main.c:478:6:HAL_SPI_TxCpltCallback	16	static
main.c:486:6:HAL_TIM_PeriodElapsedCallback	24	static
main.c:494:17:micros	12	static
main.c:504:6:Error_Handler	4	static,ignoring_inline_asm
