main.c:111:5:main	48	static
main.c:696:6:SystemClock_Config	88	static
main.c:741:13:MX_ADC1_Init	48	static
main.c:803:13:MX_SPI3_Init	8	static
main.c:841:13:MX_TIM3_Init	32	static
main.c:886:13:MX_TIM11_Init	8	static
main.c:917:13:MX_USART2_UART_Init	8	static
main.c:948:13:MX_DMA_Init	16	static
main.c:966:13:MX_GPIO_Init	48	static
main.c:1019:6:UARTRecieveAndResponsePolling	40	static
main.c:1031:9:UARTRecieveIT	16	static
main.c:1043:6:HAL_UART_RxCpltCallback	16	static
main.c:1048:6:MCP4922SetOutput	24	static
main.c:1055:6:HAL_SPI_TxCpltCallback	16	static
main.c:1063:6:HAL_TIM_PeriodElapsedCallback	24	static
main.c:1071:17:micros	12	static
main.c:1081:6:Error_Handler	4	static,ignoring_inline_asm
